127.0.0.1 - - [21/Jun/2017:13:51:20 +0900] "GET / HTTP/1.1" 404 951
0:0:0:0:0:0:0:1 - - [21/Jun/2017:13:51:20 +0900] "GET /tFactory/ HTTP/1.1" 302 -
0:0:0:0:0:0:0:1 - - [21/Jun/2017:13:51:20 +0900] "GET /tFactory/model/main.do HTTP/1.1" 200 2915
0:0:0:0:0:0:0:1 - - [21/Jun/2017:13:51:24 +0900] "GET /tFactory/model/viewAll.do HTTP/1.1" 200 5635
0:0:0:0:0:0:0:1 - - [21/Jun/2017:13:51:32 +0900] "GET /tFactory/model/open/json/T-800 HTTP/1.1" 200 893
127.0.0.1 - - [21/Jun/2017:14:17:51 +0900] "GET / HTTP/1.1" 404 951
0:0:0:0:0:0:0:1 - - [21/Jun/2017:14:17:52 +0900] "GET /snj/ HTTP/1.1" 302 -
0:0:0:0:0:0:0:1 - - [21/Jun/2017:14:17:52 +0900] "GET /snj/main.do HTTP/1.1" 200 2705
0:0:0:0:0:0:0:1 - - [21/Jun/2017:14:17:52 +0900] "GET /snj/andreas05.css HTTP/1.1" 200 1732
0:0:0:0:0:0:0:1 - - [21/Jun/2017:14:17:52 +0900] "GET /snj/js/jquery-1.6.1.min.js HTTP/1.1" 200 90976
0:0:0:0:0:0:0:1 - - [21/Jun/2017:14:17:52 +0900] "GET /snj/dragonmini.png HTTP/1.1" 200 2557
0:0:0:0:0:0:0:1 - - [21/Jun/2017:14:17:52 +0900] "GET /snj/front.png HTTP/1.1" 200 5189
0:0:0:0:0:0:0:1 - - [21/Jun/2017:14:17:52 +0900] "GET /snj/snjbg2.jpg HTTP/1.1" 200 191555
0:0:0:0:0:0:0:1 - - [21/Jun/2017:14:17:54 +0900] "GET /snj/viewModel.do HTTP/1.1" 200 2986
127.0.0.1 - - [21/Jun/2017:14:17:56 +0900] "GET /tFactory/model/open/json/all HTTP/1.1" 200 3500
127.0.0.1 - - [21/Jun/2017:14:18:04 +0900] "GET /tFactory/model/open/json/T-800 HTTP/1.1" 200 893
127.0.0.1 - - [21/Jun/2017:14:18:09 +0900] "GET /tFactory/model/open/json/T-1000 HTTP/1.1" 200 895
127.0.0.1 - - [21/Jun/2017:14:18:14 +0900] "GET /tFactory/model/open/json/T-X HTTP/1.1" 200 889
127.0.0.1 - - [21/Jun/2017:14:18:17 +0900] "GET /tFactory/model/open/json/all HTTP/1.1" 200 3500
127.0.0.1 - - [21/Jun/2017:14:18:17 +0900] "GET /tFactory/model/open/json/all HTTP/1.1" 200 3500
127.0.0.1 - - [21/Jun/2017:14:18:18 +0900] "GET /tFactory/model/open/json/all HTTP/1.1" 200 3500
127.0.0.1 - - [21/Jun/2017:14:18:18 +0900] "GET /tFactory/model/open/json/all HTTP/1.1" 200 3500
127.0.0.1 - - [21/Jun/2017:14:18:18 +0900] "GET /tFactory/model/open/json/all HTTP/1.1" 200 3500
127.0.0.1 - - [21/Jun/2017:14:18:18 +0900] "GET /tFactory/model/open/json/all HTTP/1.1" 200 3500
0:0:0:0:0:0:0:1 - - [21/Jun/2017:14:36:16 +0900] "GET /snj/viewModel.do HTTP/1.1" 200 2986
0:0:0:0:0:0:0:1 - - [21/Jun/2017:14:36:17 +0900] "GET /snj/viewModel2.do HTTP/1.1" 200 2985
0:0:0:0:0:0:0:1 - - [21/Jun/2017:14:36:19 +0900] "GET /snj/viewModel.do HTTP/1.1" 200 2986
0:0:0:0:0:0:0:1 - - [21/Jun/2017:14:36:20 +0900] "GET /snj/viewModel3.do HTTP/1.1" 404 949
0:0:0:0:0:0:0:1 - - [21/Jun/2017:14:36:22 +0900] "GET /snj/main.do HTTP/1.1" 200 2705
0:0:0:0:0:0:0:1 - - [21/Jun/2017:14:36:22 +0900] "GET /snj/main.do HTTP/1.1" 200 2705
0:0:0:0:0:0:0:1 - - [21/Jun/2017:14:36:23 +0900] "GET /snj/main.do HTTP/1.1" 200 2705
0:0:0:0:0:0:0:1 - - [21/Jun/2017:14:36:24 +0900] "GET /snj/viewModel2.do HTTP/1.1" 200 2985
0:0:0:0:0:0:0:1 - - [21/Jun/2017:14:36:25 +0900] "GET /snj/connect.doALL HTTP/1.1" 404 985
127.0.0.1 - - [21/Jun/2017:14:36:31 +0900] "GET /tFactory/model/open/json/all HTTP/1.1" 200 3500
0:0:0:0:0:0:0:1 - - [21/Jun/2017:14:36:31 +0900] "GET /snj/connect.do?code=T-1000 HTTP/1.1" 200 3494
127.0.0.1 - - [21/Jun/2017:14:36:32 +0900] "GET /tFactory/model/open/json/all HTTP/1.1" 200 3500
0:0:0:0:0:0:0:1 - - [21/Jun/2017:14:36:32 +0900] "GET /snj/connect.do?code=T-1000 HTTP/1.1" 200 3494
127.0.0.1 - - [21/Jun/2017:14:36:42 +0900] "GET /tFactory/model/open/json/all HTTP/1.1" 200 3500
0:0:0:0:0:0:0:1 - - [21/Jun/2017:14:36:42 +0900] "GET /snj/connect.do?code=T-800 HTTP/1.1" 200 3494
0:0:0:0:0:0:0:1 - - [21/Jun/2017:14:41:26 +0900] "GET /snj/viewModel2.do HTTP/1.1" 200 2985
0:0:0:0:0:0:0:1 - - [21/Jun/2017:14:41:28 +0900] "GET /snj/connect.doALL HTTP/1.1" 404 985
0:0:0:0:0:0:0:1 - - [21/Jun/2017:14:41:39 +0900] "GET /snj/viewModel2.do HTTP/1.1" 200 2985
127.0.0.1 - - [21/Jun/2017:14:41:48 +0900] "GET /tFactory/model/open/json/all HTTP/1.1" 200 3500
0:0:0:0:0:0:0:1 - - [21/Jun/2017:14:41:48 +0900] "GET /snj/connect.do?code=T-1000 HTTP/1.1" 200 3494
0:0:0:0:0:0:0:1 - - [21/Jun/2017:14:44:45 +0900] "GET /snj/viewModel.do HTTP/1.1" 200 2986
127.0.0.1 - - [21/Jun/2017:14:44:48 +0900] "GET /tFactory/model/open/json/all HTTP/1.1" 200 3500
0:0:0:0:0:0:0:1 - - [21/Jun/2017:14:44:50 +0900] "GET /snj/viewModel2.do HTTP/1.1" 200 2985
0:0:0:0:0:0:0:1 - - [21/Jun/2017:14:44:51 +0900] "GET /snj/connect.doALL HTTP/1.1" 404 985
0:0:0:0:0:0:0:1 - - [21/Jun/2017:14:44:53 +0900] "GET /snj/viewModel.do HTTP/1.1" 200 2986
127.0.0.1 - - [21/Jun/2017:14:44:54 +0900] "GET /tFactory/model/open/json/all HTTP/1.1" 200 3500
127.0.0.1 - - [21/Jun/2017:14:46:46 +0900] "GET /tFactory/model/open/json/all HTTP/1.1" 200 3500
127.0.0.1 - - [21/Jun/2017:14:46:47 +0900] "GET /tFactory/model/open/json/all HTTP/1.1" 200 3500
127.0.0.1 - - [21/Jun/2017:14:46:47 +0900] "GET /tFactory/model/open/json/all HTTP/1.1" 200 3500
0:0:0:0:0:0:0:1 - - [21/Jun/2017:14:46:48 +0900] "GET /snj/viewModel2.do HTTP/1.1" 200 2985
0:0:0:0:0:0:0:1 - - [21/Jun/2017:14:46:49 +0900] "GET /snj/connect.doALL HTTP/1.1" 404 985
0:0:0:0:0:0:0:1 - - [21/Jun/2017:14:46:51 +0900] "GET /snj/viewModel.do HTTP/1.1" 200 2986
0:0:0:0:0:0:0:1 - - [21/Jun/2017:14:46:52 +0900] "GET /snj/viewModel2.do HTTP/1.1" 200 2985
0:0:0:0:0:0:0:1 - - [21/Jun/2017:14:46:53 +0900] "GET /snj/viewModel.do HTTP/1.1" 200 2986
0:0:0:0:0:0:0:1 - - [21/Jun/2017:14:46:54 +0900] "GET /snj/viewModel2.do HTTP/1.1" 200 2985
0:0:0:0:0:0:0:1 - - [21/Jun/2017:14:46:55 +0900] "GET /snj/connect.doALL HTTP/1.1" 404 985
127.0.0.1 - - [21/Jun/2017:14:48:21 +0900] "GET / HTTP/1.1" 404 951
0:0:0:0:0:0:0:1 - - [21/Jun/2017:14:48:26 +0900] "GET /snj/main.do HTTP/1.1" 200 2705
0:0:0:0:0:0:0:1 - - [21/Jun/2017:14:48:27 +0900] "GET /snj/main.do HTTP/1.1" 200 2705
0:0:0:0:0:0:0:1 - - [21/Jun/2017:14:48:28 +0900] "GET /snj/viewModel.do HTTP/1.1" 200 2986
127.0.0.1 - - [21/Jun/2017:14:48:30 +0900] "GET /tFactory/model/open/json/all HTTP/1.1" 200 3500
0:0:0:0:0:0:0:1 - - [21/Jun/2017:14:48:31 +0900] "GET /snj/viewModel2.do HTTP/1.1" 200 2985
0:0:0:0:0:0:0:1 - - [21/Jun/2017:14:48:32 +0900] "GET /snj/connect.doALL HTTP/1.1" 404 985
0:0:0:0:0:0:0:1 - - [21/Jun/2017:14:48:33 +0900] "GET /snj/viewModel.do HTTP/1.1" 200 2986
127.0.0.1 - - [21/Jun/2017:14:48:35 +0900] "GET /tFactory/model/open/json/all HTTP/1.1" 200 3500
127.0.0.1 - - [21/Jun/2017:14:48:42 +0900] "GET /tFactory/model/open/json/T-800 HTTP/1.1" 200 893
127.0.0.1 - - [21/Jun/2017:14:48:44 +0900] "GET /tFactory/model/open/json/T-800 HTTP/1.1" 200 893
127.0.0.1 - - [21/Jun/2017:14:48:44 +0900] "GET /tFactory/model/open/json/T-800 HTTP/1.1" 200 893
127.0.0.1 - - [21/Jun/2017:14:48:48 +0900] "GET /tFactory/model/open/json/all HTTP/1.1" 200 3500
0:0:0:0:0:0:0:1 - - [21/Jun/2017:14:48:49 +0900] "GET /snj/viewModel2.do HTTP/1.1" 200 2985
0:0:0:0:0:0:0:1 - - [21/Jun/2017:14:48:51 +0900] "GET /snj/connect.doALL HTTP/1.1" 404 985
0:0:0:0:0:0:0:1 - - [21/Jun/2017:14:57:26 +0900] "GET /snj/main.do HTTP/1.1" 200 2705
0:0:0:0:0:0:0:1 - - [21/Jun/2017:14:57:27 +0900] "GET /snj/viewModel3.do HTTP/1.1" 200 3226
127.0.0.1 - - [21/Jun/2017:14:57:29 +0900] "GET /tFactory/model/open/jsonp/all?callback=jQuery161016644058941804185_1498024647836&_=1498024649257 HTTP/1.1" 405 1045
127.0.0.1 - - [21/Jun/2017:14:57:35 +0900] "GET /tFactory/model/open/jsonpT-1000?callback=jQuery161016644058941804185_1498024647837&_=1498024655540 HTTP/1.1" 405 1045
0:0:0:0:0:0:0:1 - - [21/Jun/2017:15:04:38 +0900] "GET /snj/main.do HTTP/1.1" 200 2705
0:0:0:0:0:0:0:1 - - [21/Jun/2017:15:04:38 +0900] "GET /snj/main.do HTTP/1.1" 200 2705
0:0:0:0:0:0:0:1 - - [21/Jun/2017:15:04:40 +0900] "GET /snj/viewModel3.do HTTP/1.1" 200 3226
127.0.0.1 - - [21/Jun/2017:15:04:42 +0900] "GET /tFactory/model/open/jsonp/all?callback=jQuery16103522286519561437_1498025080562&_=1498025081793 HTTP/1.1" 404 1017
127.0.0.1 - - [21/Jun/2017:15:04:47 +0900] "GET /tFactory/model/open/jsonpT-1000?callback=jQuery16103522286519561437_1498025080563&_=1498025087148 HTTP/1.1" 405 1045
0:0:0:0:0:0:0:1 - - [21/Jun/2017:15:06:14 +0900] "GET /snj/viewModel3.do HTTP/1.1" 200 3226
0:0:0:0:0:0:0:1 - - [21/Jun/2017:15:06:15 +0900] "GET /snj/main.do HTTP/1.1" 200 2705
0:0:0:0:0:0:0:1 - - [21/Jun/2017:15:06:16 +0900] "GET /snj/viewModel3.do HTTP/1.1" 200 3226
127.0.0.1 - - [21/Jun/2017:15:06:17 +0900] "GET /tFactory/model/open/jsonp/all?callback=jQuery1610918680831257922_1498025176468&_=1498025177335 HTTP/1.1" 404 1017
0:0:0:0:0:0:0:1 - - [21/Jun/2017:15:08:19 +0900] "GET /snj/viewModel3.do HTTP/1.1" 200 3226
0:0:0:0:0:0:0:1 - - [21/Jun/2017:15:08:20 +0900] "GET /snj/viewModel2.do HTTP/1.1" 200 2985
0:0:0:0:0:0:0:1 - - [21/Jun/2017:15:08:21 +0900] "GET /snj/connect.doALL HTTP/1.1" 404 985
0:0:0:0:0:0:0:1 - - [21/Jun/2017:15:08:22 +0900] "GET /snj/viewModel2.do HTTP/1.1" 200 2985
0:0:0:0:0:0:0:1 - - [21/Jun/2017:15:08:22 +0900] "GET /snj/viewModel3.do HTTP/1.1" 200 3226
127.0.0.1 - - [21/Jun/2017:15:08:24 +0900] "GET /tFactory/model/open/jsonp/all?callback=jQuery1610791420635075192_1498025302941&_=1498025303927 HTTP/1.1" 500 3973
127.0.0.1 - - [21/Jun/2017:15:08:29 +0900] "GET /tFactory/model/open/jsonpT-1000?callback=jQuery1610791420635075192_1498025302942&_=1498025309844 HTTP/1.1" 405 1045
0:0:0:0:0:0:0:1 - - [21/Jun/2017:15:08:31 +0900] "GET /snj/viewModel2.do HTTP/1.1" 200 2985
0:0:0:0:0:0:0:1 - - [21/Jun/2017:15:08:33 +0900] "GET /snj/connect.doALL HTTP/1.1" 404 985
127.0.0.1 - - [21/Jun/2017:15:08:38 +0900] "GET /tFactory/model/open/json/all HTTP/1.1" 200 3500
0:0:0:0:0:0:0:1 - - [21/Jun/2017:15:08:38 +0900] "GET /snj/connect.do?code=T-1000 HTTP/1.1" 200 3494
127.0.0.1 - - [21/Jun/2017:15:09:25 +0900] "GET / HTTP/1.1" 404 951
0:0:0:0:0:0:0:1 - - [21/Jun/2017:15:10:02 +0900] "GET /snj/viewModel2.do HTTP/1.1" 200 2985
0:0:0:0:0:0:0:1 - - [21/Jun/2017:15:10:04 +0900] "GET /snj/main.do HTTP/1.1" 200 2705
0:0:0:0:0:0:0:1 - - [21/Jun/2017:15:10:05 +0900] "GET /snj/viewModel.do HTTP/1.1" 200 2986
127.0.0.1 - - [21/Jun/2017:15:10:07 +0900] "GET /tFactory/model/open/json/all HTTP/1.1" 200 3500
127.0.0.1 - - [21/Jun/2017:15:10:14 +0900] "GET /tFactory/model/open/json/T-800 HTTP/1.1" 200 893
0:0:0:0:0:0:0:1 - - [21/Jun/2017:15:10:16 +0900] "GET /snj/viewModel2.do HTTP/1.1" 200 2985
0:0:0:0:0:0:0:1 - - [21/Jun/2017:15:10:17 +0900] "GET /snj/connect.doALL HTTP/1.1" 404 985
127.0.0.1 - - [21/Jun/2017:15:11:15 +0900] "GET /tFactory/model/open/json/all HTTP/1.1" 200 3500
0:0:0:0:0:0:0:1 - - [21/Jun/2017:15:11:15 +0900] "GET /snj/connect.do?code=T-1000 HTTP/1.1" 200 3494
127.0.0.1 - - [21/Jun/2017:15:11:46 +0900] "GET /tFactory/model/open/json/all HTTP/1.1" 200 3500
0:0:0:0:0:0:0:1 - - [21/Jun/2017:15:11:46 +0900] "GET /snj/connect.do?code=T-1000 HTTP/1.1" 200 3494
0:0:0:0:0:0:0:1 - - [21/Jun/2017:15:11:58 +0900] "GET /snj/connect.doALL HTTP/1.1" 404 985
0:0:0:0:0:0:0:1 - - [21/Jun/2017:15:13:13 +0900] "GET /snj/viewModel2.do HTTP/1.1" 200 2977
0:0:0:0:0:0:0:1 - - [21/Jun/2017:15:13:13 +0900] "GET /snj/main.do HTTP/1.1" 200 2705
0:0:0:0:0:0:0:1 - - [21/Jun/2017:15:13:14 +0900] "GET /snj/viewModel2.do HTTP/1.1" 200 2977
127.0.0.1 - - [21/Jun/2017:15:13:15 +0900] "GET /tFactory/model/open/json/all HTTP/1.1" 200 3500
0:0:0:0:0:0:0:1 - - [21/Jun/2017:15:13:15 +0900] "GET /snj/connect.do HTTP/1.1" 200 3494
127.0.0.1 - - [21/Jun/2017:15:13:20 +0900] "GET /tFactory/model/open/json/all HTTP/1.1" 200 3500
0:0:0:0:0:0:0:1 - - [21/Jun/2017:15:13:20 +0900] "GET /snj/connect.do?code=T-1000 HTTP/1.1" 200 3494
0:0:0:0:0:0:0:1 - - [21/Jun/2017:15:14:25 +0900] "GET /snj/viewModel2.do HTTP/1.1" 200 2978
0:0:0:0:0:0:0:1 - - [21/Jun/2017:15:14:26 +0900] "GET /snj/viewModel2.do HTTP/1.1" 200 2978
127.0.0.1 - - [21/Jun/2017:15:14:27 +0900] "GET /tFactory/model/open/json/all HTTP/1.1" 200 3500
0:0:0:0:0:0:0:1 - - [21/Jun/2017:15:14:27 +0900] "GET /snj/connect.do HTTP/1.1" 200 3494
127.0.0.1 - - [21/Jun/2017:15:14:31 +0900] "GET /tFactory/model/open/json/T-1000 HTTP/1.1" 200 895
0:0:0:0:0:0:0:1 - - [21/Jun/2017:15:14:31 +0900] "GET /snj/connect.do?tcode=T-1000 HTTP/1.1" 200 889
0:0:0:0:0:0:0:1 - - [21/Jun/2017:15:14:32 +0900] "GET /snj/viewModel3.do HTTP/1.1" 200 3226
127.0.0.1 - - [21/Jun/2017:15:14:33 +0900] "GET /tFactory/model/open/jsonp/all?callback=jQuery16105435976243689589_1498025672413&_=1498025673324 HTTP/1.1" 500 3973
0:0:0:0:0:0:0:1 - - [21/Jun/2017:15:16:17 +0900] "GET /snj/viewModel3.do HTTP/1.1" 200 3226
0:0:0:0:0:0:0:1 - - [21/Jun/2017:15:16:18 +0900] "GET /snj/main.do HTTP/1.1" 200 2705
0:0:0:0:0:0:0:1 - - [21/Jun/2017:15:16:19 +0900] "GET /snj/viewModel3.do HTTP/1.1" 200 3226
127.0.0.1 - - [21/Jun/2017:15:16:20 +0900] "GET /tFactory/model/open/jsonp/all?callback=jQuery16101717265092981286_1498025779162&_=1498025780060 HTTP/1.1" 200 3527
127.0.0.1 - - [21/Jun/2017:15:16:24 +0900] "GET /tFactory/model/open/jsonpT-1000?callback=jQuery16101717265092981286_1498025779163&_=1498025784640 HTTP/1.1" 405 1045
0:0:0:0:0:0:0:1 - - [21/Jun/2017:15:16:27 +0900] "GET /snj/viewModel3.do HTTP/1.1" 200 3226
127.0.0.1 - - [21/Jun/2017:15:16:28 +0900] "GET /tFactory/model/open/jsonp/all?callback=jQuery16109373478932846362_1498025787199&_=1498025788262 HTTP/1.1" 200 3527
127.0.0.1 - - [21/Jun/2017:15:16:34 +0900] "GET /tFactory/model/open/jsonpT-800?callback=jQuery16109373478932846362_1498025787200&_=1498025794492 HTTP/1.1" 405 1045
0:0:0:0:0:0:0:1 - - [21/Jun/2017:15:17:56 +0900] "GET /snj/viewModel3.do HTTP/1.1" 200 3249
0:0:0:0:0:0:0:1 - - [21/Jun/2017:15:17:57 +0900] "GET /snj/viewModel3.do HTTP/1.1" 200 3249
127.0.0.1 - - [21/Jun/2017:15:17:58 +0900] "GET /tFactory/model/open/jsonp/all?callback=jQuery16106651498254343555_1498025877420&_=1498025878498 HTTP/1.1" 200 3527
127.0.0.1 - - [21/Jun/2017:15:18:04 +0900] "GET /tFactory/model/open/jsonpT-1000?callback=jQuery16106651498254343555_1498025877421&_=1498025884140 HTTP/1.1" 405 1045
0:0:0:0:0:0:0:1 - - [21/Jun/2017:15:19:27 +0900] "GET /snj/viewModel3.do HTTP/1.1" 200 3250
0:0:0:0:0:0:0:1 - - [21/Jun/2017:15:19:28 +0900] "GET /snj/viewModel3.do HTTP/1.1" 200 3250
127.0.0.1 - - [21/Jun/2017:15:19:32 +0900] "GET /tFactory/model/open/jsonp/T-1000?callback=jQuery16105359463944694773_1498025968371&_=1498025972020 HTTP/1.1" 200 919
0:0:0:0:0:0:0:1 - - [21/Jun/2017:15:19:33 +0900] "GET /snj/main.do HTTP/1.1" 200 2705
0:0:0:0:0:0:0:1 - - [21/Jun/2017:15:19:33 +0900] "GET /snj/viewModel.do HTTP/1.1" 200 2986
0:0:0:0:0:0:0:1 - - [21/Jun/2017:15:19:34 +0900] "GET /snj/viewModel2.do HTTP/1.1" 200 2978
0:0:0:0:0:0:0:1 - - [21/Jun/2017:15:19:34 +0900] "GET /snj/viewModel3.do HTTP/1.1" 200 3250
0:0:0:0:0:0:0:1 - - [21/Jun/2017:15:19:35 +0900] "GET /snj/viewModel2.do HTTP/1.1" 200 2978
0:0:0:0:0:0:0:1 - - [21/Jun/2017:15:19:35 +0900] "GET /snj/viewModel.do HTTP/1.1" 200 2986
0:0:0:0:0:0:0:1 - - [21/Jun/2017:15:31:46 +0900] "GET /snj/viewModel3.do HTTP/1.1" 200 3250
127.0.0.1 - - [21/Jun/2017:15:31:50 +0900] "GET /tFactory/model/open/jsonp/all?callback=jQuery16109540097775867351_1498026706679&_=1498026710214 HTTP/1.1" 200 3527
127.0.0.1 - - [21/Jun/2017:15:32:28 +0900] "GET /tFactory/model/open/jsonp/T-1000?callback=jQuery16109540097775867351_1498026706680&_=1498026748089 HTTP/1.1" 200 919
